#-----------------------------------------------------------
# Webtalk v2021.1 (64-bit)
# SW Build 3247384 on Thu Jun 10 19:36:07 MDT 2021
# IP Build 3246043 on Fri Jun 11 00:30:35 MDT 2021
# Start of session at: Mon Apr 14 09:47:37 2025
# Process ID: 275378
# Current directory: /home/razgo/Documents/FPGA/FPGA_FINAL_PROJECT/CipherComm_FPGA/CipherComm_FPGA.sim/sim_1/behav/xsim
# Command line: wbtcv -mode batch -source /home/razgo/Documents/FPGA/FPGA_FINAL_PROJECT/CipherComm_FPGA/CipherComm_FPGA.sim/sim_1/behav/xsim/xsim.dir/tb_fifo_error_test_behav/webtalk/xsim_webtalk.tcl -notrace
# Log file: /home/razgo/Documents/FPGA/FPGA_FINAL_PROJECT/CipherComm_FPGA/CipherComm_FPGA.sim/sim_1/behav/xsim/webtalk.log
# Journal file: /home/razgo/Documents/FPGA/FPGA_FINAL_PROJECT/CipherComm_FPGA/CipherComm_FPGA.sim/sim_1/behav/xsim/webtalk.jou
#-----------------------------------------------------------
source /home/razgo/Documents/FPGA/FPGA_FINAL_PROJECT/CipherComm_FPGA/CipherComm_FPGA.sim/sim_1/behav/xsim/xsim.dir/tb_fifo_error_test_behav/webtalk/xsim_webtalk.tcl -notrace
